// Jest Snapshot v1, https://goo.gl/fbAQLP

exports[`Should render ExpenseListItem correctly 1`] = `
<div>
  <Link
    replace={false}
    to="/edit/1"
  >
    <h3>
      Travel
    </h3>
  </Link>
  <p>
    12500
     - 
    0
  </p>
</div>
`;
